[    0.000000] Booting Linux on physical CPU 0x0000000000 [0x410fd034]
[    0.000000] Linux version 5.15.61-v8+ (dom@buildbot) (aarch64-linux-gnu-gcc-8 (Ubuntu/Linaro 8.4.0-3ubuntu1) 8.4.0, GNU ld (GNU Binutils for Ubuntu) 2.34) #1579 SMP PREEMPT Fri Aug 26 11:16:44 BST 2022
[    0.000000] random: crng init done
[    0.000000] Machine model: Raspberry Pi 3 Model B Plus Rev 1.3
[    0.000000] efi: UEFI not found.
[    0.000000] Reserved memory: created CMA memory pool at 0x000000001ec00000, size 256 MiB
[    0.000000] OF: reserved mem: initialized node linux,cma, compatible id shared-dma-pool
[    0.000000] Zone ranges:
[    0.000000]   DMA      [mem 0x0000000000000000-0x000000002fffffff]
[    0.000000]   DMA32    empty
[    0.000000]   Normal   empty
[    0.000000] Movable zone start for each node
[    0.000000] Early memory node ranges
[    0.000000]   node   0: [mem 0x0000000000000000-0x000000002fffffff]
[    0.000000] Initmem setup node 0 [mem 0x0000000000000000-0x000000002fffffff]
[    0.000000] percpu: Embedded 28 pages/cpu s77272 r8192 d29224 u114688
[    0.000000] pcpu-alloc: s77272 r8192 d29224 u114688 alloc=28*4096
[    0.000000] pcpu-alloc: [0] 0 [0] 1 [0] 2 [0] 3 
[    0.000000] Detected VIPT I-cache on CPU0
[    0.000000] CPU features: kernel page table isolation forced ON by KASLR
[    0.000000] CPU features: detected: Kernel page table isolation (KPTI)
[    0.000000] CPU features: detected: ARM erratum 843419
[    0.000000] CPU features: detected: ARM erratum 845719
[    0.000000] Built 1 zonelists, mobility grouping on.  Total pages: 193536
[    0.000000] Kernel command line: coherent_pool=1M 8250.nr_uarts=0 snd_bcm2835.enable_compat_alsa=0 snd_bcm2835.enable_hdmi=1 video=Composite-1:720x480@60i vc_mem.mem_base=0x3ec00000 vc_mem.mem_size=0x40000000  console=ttyS0,115200 console=tty1 root=PARTUUID=8fefaea1-02 rootfstype=ext4 fsck.repair=yes rootwait
[    0.000000] Dentry cache hash table entries: 131072 (order: 8, 1048576 bytes, linear)
[    0.000000] Inode-cache hash table entries: 65536 (order: 7, 524288 bytes, linear)
[    0.000000] mem auto-init: stack:off, heap alloc:off, heap free:off
[    0.000000] Memory: 485608K/786432K available (11520K kernel code, 1956K rwdata, 4140K rodata, 3840K init, 974K bss, 38680K reserved, 262144K cma-reserved)
[    0.000000] SLUB: HWalign=64, Order=0-3, MinObjects=0, CPUs=4, Nodes=1
[    0.000000] ftrace: allocating 38040 entries in 149 pages
[    0.000000] ftrace: allocated 149 pages with 4 groups
[    0.000000] trace event string verifier disabled
[    0.000000] rcu: Preemptible hierarchical RCU implementation.
[    0.000000] rcu: 	RCU event tracing is enabled.
[    0.000000] rcu: 	RCU restricting CPUs from NR_CPUS=256 to nr_cpu_ids=4.
[    0.000000] 	Trampoline variant of Tasks RCU enabled.
[    0.000000] 	Rude variant of Tasks RCU enabled.
[    0.000000] 	Tracing variant of Tasks RCU enabled.
[    0.000000] rcu: RCU calculated value of scheduler-enlistment delay is 25 jiffies.
[    0.000000] rcu: Adjusting geometry for rcu_fanout_leaf=16, nr_cpu_ids=4
[    0.000000] NR_IRQS: 64, nr_irqs: 64, preallocated irqs: 0
[    0.000000] Root IRQ handler: bcm2836_arm_irqchip_handle_irq
[    0.000000] arch_timer: cp15 timer(s) running at 19.20MHz (phys).
[    0.000000] clocksource: arch_sys_counter: mask: 0xffffffffffffff max_cycles: 0x46d987e47, max_idle_ns: 440795202767 ns
[    0.000001] sched_clock: 56 bits at 19MHz, resolution 52ns, wraps every 4398046511078ns
[    0.000363] Console: colour dummy device 80x25
[    0.001265] printk: console [tty1] enabled
[    0.001349] Calibrating delay loop (skipped), value calculated using timer frequency.. 38.40 BogoMIPS (lpj=76800)
[    0.001413] pid_max: default: 32768 minimum: 301
[    0.001619] LSM: Security Framework initializing
[    0.001901] Mount-cache hash table entries: 2048 (order: 2, 16384 bytes, linear)
[    0.001969] Mountpoint-cache hash table entries: 2048 (order: 2, 16384 bytes, linear)
[    0.003698] cgroup: Disabling memory control group subsystem
[    0.007589] rcu: Hierarchical SRCU implementation.
[    0.009080] EFI services will not be available.
[    0.009862] smp: Bringing up secondary CPUs ...
[    0.011398] Detected VIPT I-cache on CPU1
[    0.011490] CPU1: Booted secondary processor 0x0000000001 [0x410fd034]
[    0.013353] Detected VIPT I-cache on CPU2
[    0.013420] CPU2: Booted secondary processor 0x0000000002 [0x410fd034]
[    0.015079] Detected VIPT I-cache on CPU3
[    0.015136] CPU3: Booted secondary processor 0x0000000003 [0x410fd034]
[    0.015368] smp: Brought up 1 node, 4 CPUs
[    0.015523] SMP: Total of 4 processors activated.
[    0.015557] CPU features: detected: 32-bit EL0 Support
[    0.015589] CPU features: detected: 32-bit EL1 Support
[    0.015623] CPU features: detected: CRC32 instructions
[    0.056639] CPU: All CPU(s) started at EL2
[    0.056789] alternatives: patching kernel code
[    0.058754] devtmpfs: initialized
[    0.081224] Enabled cp15_barrier support
[    0.081308] Enabled setend support
[    0.081353] KASLR enabled
[    0.081631] clocksource: jiffies: mask: 0xffffffff max_cycles: 0xffffffff, max_idle_ns: 7645041785100000 ns
[    0.081704] futex hash table entries: 1024 (order: 4, 65536 bytes, linear)
[    0.093664] pinctrl core: initialized pinctrl subsystem
[    0.094894] DMI not present or invalid.
[    0.095893] NET: Registered PF_NETLINK/PF_ROUTE protocol family
[    0.107051] DMA: preallocated 1024 KiB GFP_KERNEL pool for atomic allocations
[    0.107603] DMA: preallocated 1024 KiB GFP_KERNEL|GFP_DMA pool for atomic allocations
[    0.109072] DMA: preallocated 1024 KiB GFP_KERNEL|GFP_DMA32 pool for atomic allocations
[    0.109344] audit: initializing netlink subsys (disabled)
[    0.109847] audit: type=2000 audit(0.108:1): state=initialized audit_enabled=0 res=1
[    0.110775] thermal_sys: Registered thermal governor 'step_wise'
[    0.111105] cpuidle: using governor menu
[    0.111714] hw-breakpoint: found 6 breakpoint and 4 watchpoint registers.
[    0.112021] ASID allocator initialised with 32768 entries
[    0.112247] Serial: AMBA PL011 UART driver
[    0.126608] bcm2835-mbox 3f00b880.mailbox: mailbox enabled
[    0.155631] raspberrypi-firmware soc:firmware: Attached to firmware from 2022-08-26T14:05:32, variant start_x
[    0.159647] raspberrypi-firmware soc:firmware: Firmware hash is 102f1e848393c2112206fadffaaf86db04e98326
[    0.219532] bcm2835-dma 3f007000.dma: DMA legacy API manager, dmachans=0x1
[    0.225466] vgaarb: loaded
[    0.226236] SCSI subsystem initialized
[    0.226592] usbcore: registered new interface driver usbfs
[    0.226695] usbcore: registered new interface driver hub
[    0.226814] usbcore: registered new device driver usb
[    0.227361] usb_phy_generic phy: supply vcc not found, using dummy regulator
[    0.227688] usb_phy_generic phy: dummy supplies not allowed for exclusive requests
[    0.228114] pps_core: LinuxPPS API ver. 1 registered
[    0.228150] pps_core: Software ver. 5.3.6 - Copyright 2005-2007 Rodolfo Giometti <giometti@linux.it>
[    0.228214] PTP clock support registered
[    0.230421] clocksource: Switched to clocksource arch_sys_counter
[    0.354550] VFS: Disk quotas dquot_6.6.0
[    0.354716] VFS: Dquot-cache hash table entries: 512 (order 0, 4096 bytes)
[    0.354993] FS-Cache: Loaded
[    0.355330] CacheFiles: Loaded
[    0.356668] simple-framebuffer 3eaa9000.framebuffer: framebuffer at 0x3eaa9000, 0x151800 bytes
[    0.356723] simple-framebuffer 3eaa9000.framebuffer: format=a8r8g8b8, mode=720x480x32, linelength=2880
[    0.363159] Console: switching to colour frame buffer device 90x30
[    0.371649] simple-framebuffer 3eaa9000.framebuffer: fb0: simplefb registered!
[    0.390338] NET: Registered PF_INET protocol family
[    0.393813] IP idents hash table entries: 16384 (order: 5, 131072 bytes, linear)
[    0.398645] tcp_listen_portaddr_hash hash table entries: 512 (order: 1, 8192 bytes, linear)
[    0.405144] Table-perturb hash table entries: 65536 (order: 6, 262144 bytes, linear)
[    0.408704] TCP established hash table entries: 8192 (order: 4, 65536 bytes, linear)
[    0.412422] TCP bind hash table entries: 8192 (order: 5, 131072 bytes, linear)
[    0.416221] TCP: Hash tables configured (established 8192 bind 8192)
[    0.420197] UDP hash table entries: 512 (order: 2, 16384 bytes, linear)
[    0.423888] UDP-Lite hash table entries: 512 (order: 2, 16384 bytes, linear)
[    0.427885] NET: Registered PF_UNIX/PF_LOCAL protocol family
[    0.432858] RPC: Registered named UNIX socket transport module.
[    0.436475] RPC: Registered udp transport module.
[    0.440086] RPC: Registered tcp transport module.
[    0.443516] RPC: Registered tcp NFSv4.1 backchannel transport module.
[    0.446958] PCI: CLS 0 bytes, default 64
[    0.453264] hw perfevents: enabled with armv8_cortex_a53 PMU driver, 7 counters available
[    0.460596] kvm [1]: IPA Size Limit: 40 bits
[    0.465825] kvm [1]: Hyp mode initialized successfully
[    1.740423] Initialise system trusted keyrings
[    1.744376] workingset: timestamp_bits=46 max_order=18 bucket_order=0
[    1.758589] zbud: loaded
[    1.764667] FS-Cache: Netfs 'nfs' registered for caching
[    1.768967] NFS: Registering the id_resolver key type
[    1.772251] Key type id_resolver registered
[    1.775396] Key type id_legacy registered
[    1.778567] nfs4filelayout_init: NFSv4 File Layout Driver Registering...
[    1.781597] nfs4flexfilelayout_init: NFSv4 Flexfile Layout Driver Registering...
[    1.786546] Key type asymmetric registered
[    1.789511] Asymmetric key parser 'x509' registered
[    1.792630] Block layer SCSI generic (bsg) driver version 0.4 loaded (major 247)
[    1.796064] io scheduler mq-deadline registered
[    1.799029] io scheduler kyber registered
[    1.818598] bcm2835-rng 3f104000.rng: hwrng registered
[    1.822447] vc-mem: phys_addr:0x00000000 mem_base=0x3ec00000 mem_size:0x40000000(1024 MiB)
[    1.830303] gpiomem-bcm2835 3f200000.gpiomem: Initialised: Registers at 0x3f200000
[    1.852736] brd: module loaded
[    1.871165] loop: module loaded
[    1.875368] Loading iSCSI transport class v2.0-870.
[    1.885353] usbcore: registered new interface driver r8152
[    1.888505] usbcore: registered new interface driver lan78xx
[    1.891552] usbcore: registered new interface driver smsc95xx
[    1.895146] dwc_otg: version 3.00a 10-AUG-2012 (platform bus)
[    2.626703] Core Release: 2.80a
[    2.629552] Setting default values for core params
[    2.632427] Finished setting default values for core params
[    2.835769] Using Buffer DMA mode
[    2.838609] Periodic Transfer Interrupt Enhancement - disabled
[    2.841504] Multiprocessor Interrupt Enhancement - disabled
[    2.844477] OTG VER PARAM: 0, OTG VER FLAG: 0
[    2.847413] Dedicated Tx FIFOs mode

[    2.854862] WARN::dwc_otg_hcd_init:1074: FIQ DMA bounce buffers: virt = ffffffc008469000 dma = 0x00000000df000000 len=9024
[    2.863260] FIQ FSM acceleration enabled for :
               Non-periodic Split Transactions
               Periodic Split Transactions
               High-Speed Isochronous Endpoints
               Interrupt/Control Split Transaction hack enabled
[    2.876833] dwc_otg: Microframe scheduler enabled

[    2.876901] WARN::hcd_init_fiq:497: MPHI regs_base at ffffffc008065000
[    2.882021] dwc_otg 3f980000.usb: DWC OTG Controller
[    2.884675] dwc_otg 3f980000.usb: new USB bus registered, assigned bus number 1
[    2.887432] dwc_otg 3f980000.usb: irq 74, io mem 0x00000000
[    2.890102] Init: Port Power? op_state=1
[    2.892780] Init: Power Port (0)
[    2.895975] usb usb1: New USB device found, idVendor=1d6b, idProduct=0002, bcdDevice= 5.15
[    2.901530] usb usb1: New USB device strings: Mfr=3, Product=2, SerialNumber=1
[    2.904512] usb usb1: Product: DWC OTG Controller
[    2.907442] usb usb1: Manufacturer: Linux 5.15.61-v8+ dwc_otg_hcd
[    2.910377] usb usb1: SerialNumber: 3f980000.usb
[    2.914325] hub 1-0:1.0: USB hub found
[    2.917282] hub 1-0:1.0: 1 port detected
[    2.921384] dwc_otg: FIQ enabled
[    2.921402] dwc_otg: NAK holdoff enabled
[    2.921418] dwc_otg: FIQ split-transaction FSM enabled
[    2.921440] Module dwc_common_port init
[    2.922303] usbcore: registered new interface driver uas
[    2.925292] usbcore: registered new interface driver usb-storage
[    2.928723] mousedev: PS/2 mouse device common for all mice
[    2.937818] sdhci: Secure Digital Host Controller Interface driver
[    2.940618] sdhci: Copyright(c) Pierre Ossman
[    2.944110] sdhci-pltfm: SDHCI platform and OF driver helper
[    2.950581] ledtrig-cpu: registered to indicate activity on CPUs
[    2.954262] hid: raw HID events driver (C) Jiri Kosina
[    2.957354] usbcore: registered new interface driver usbhid
[    2.960234] usbhid: USB HID core driver
[    2.963498] ashmem: initialized
[    2.974638] NET: Registered PF_PACKET protocol family
[    2.977617] Key type dns_resolver registered
[    2.982181] registered taskstats version 1
[    2.984943] Loading compiled-in X.509 certificates
[    2.988619] Key type ._fscrypt registered
[    2.991356] Key type .fscrypt registered
[    2.993930] Key type fscrypt-provisioning registered
[    3.016349] uart-pl011 3f201000.serial: cts_event_workaround enabled
[    3.019129] 3f201000.serial: ttyAMA0 at MMIO 0x3f201000 (irq = 99, base_baud = 0) is a PL011 rev2
[    3.030154] bcm2835-wdt bcm2835-wdt: Broadcom BCM2835 watchdog timer
[    3.030734] Indeed it is in host mode hprt0 = 00021501
[    3.033558] bcm2835-power bcm2835-power: Broadcom BCM2835 power domains driver
[    3.041128] mmc-bcm2835 3f300000.mmcnr: mmc_debug:0 mmc_debug2:0
[    3.044014] mmc-bcm2835 3f300000.mmcnr: DMA channel allocated
[    3.073947] sdhost: log_buf @ 0000000037c800dc (c2f9d000)
[    3.130555] mmc0: sdhost-bcm2835 loaded - DMA enabled (>1)
[    3.138040] of_cfs_init
[    3.141027] of_cfs_init: OK
[    3.149839] Waiting for root device PARTUUID=8fefaea1-02...
[    3.190577] mmc0: host does not support reading read-only switch, assuming write-enable
[    3.197849] mmc0: new high speed SDHC card at address 5048
[    3.206859] mmcblk0: mmc0:5048 SD32G 29.7 GiB 
[    3.211003] mmc1: new high speed SDIO card at address 0001
[    3.218801]  mmcblk0: p1 p2
[    3.222464] usb 1-1: new high-speed USB device number 2 using dwc_otg
[    3.222628] mmcblk0: mmc0:5048 SD32G 29.7 GiB
[    3.225646] Indeed it is in host mode hprt0 = 00001101
[    3.246342] EXT4-fs (mmcblk0p2): INFO: recovery required on readonly filesystem
[    3.249569] EXT4-fs (mmcblk0p2): write access will be enabled during recovery
[    3.438976] usb 1-1: New USB device found, idVendor=0424, idProduct=2514, bcdDevice= b.b3
[    3.445551] usb 1-1: New USB device strings: Mfr=0, Product=0, SerialNumber=0
[    3.450102] hub 1-1:1.0: USB hub found
[    3.453527] hub 1-1:1.0: 4 ports detected
[    3.746481] usb 1-1.1: new high-speed USB device number 3 using dwc_otg
[    3.835421] EXT4-fs (mmcblk0p2): recovery complete
[    3.841376] EXT4-fs (mmcblk0p2): mounted filesystem with ordered data mode. Opts: (null). Quota mode: none.
[    3.847933] VFS: Mounted root (ext4 filesystem) readonly on device 179:2.
[    3.851415] usb 1-1.1: New USB device found, idVendor=0424, idProduct=2514, bcdDevice= b.b3
[    3.857926] usb 1-1.1: New USB device strings: Mfr=0, Product=0, SerialNumber=0
[    3.862722] hub 1-1.1:1.0: USB hub found
[    3.866367] hub 1-1.1:1.0: 3 ports detected
[    3.870651] devtmpfs: mounted
[    3.884900] Freeing unused kernel memory: 3840K
[    3.888414] Run /sbin/init as init process
[    3.891668]   with arguments:
[    3.891683]     /sbin/init
[    3.891697]   with environment:
[    3.891710]     HOME=/
[    3.891724]     TERM=linux
[    3.954504] usb 1-1.2: new full-speed USB device number 4 using dwc_otg
[    4.075965] usb 1-1.2: New USB device found, idVendor=1d50, idProduct=606f, bcdDevice= 0.00
[    4.082851] usb 1-1.2: New USB device strings: Mfr=1, Product=2, SerialNumber=3
[    4.086495] usb 1-1.2: Product: stm32f446xx
[    4.089874] usb 1-1.2: Manufacturer: Klipper
[    4.093351] usb 1-1.2: SerialNumber: 0A0011000650534E4E313120
[    4.174508] usb 1-1.1.3: new high-speed USB device number 5 using dwc_otg
[    4.519341] systemd[1]: System time before build time, advancing clock.
[    4.790790] NET: Registered PF_INET6 protocol family
[    4.796568] Segment Routing with IPv6
[    4.799979] In-situ OAM (IOAM) with IPv6
[    4.836991] usb 1-1.1.3: New USB device found, idVendor=046d, idProduct=08e5, bcdDevice= 0.21
[    4.843731] usb 1-1.1.3: New USB device strings: Mfr=0, Product=2, SerialNumber=1
[    4.847188] usb 1-1.1.3: Product: HD Pro Webcam C920
[    4.850605] usb 1-1.1.3: SerialNumber: 2BC96C9F
[    4.905884] systemd[1]: systemd 247.3-7+deb11u1 running in system mode. (+PAM +AUDIT +SELINUX +IMA +APPARMOR +SMACK +SYSVINIT +UTMP +LIBCRYPTSETUP +GCRYPT +GNUTLS +ACL +XZ +LZ4 +ZSTD +SECCOMP +BLKID +ELFUTILS +KMOD +IDN2 -IDN +PCRE2 default-hierarchy=unified)
[    4.917180] systemd[1]: Detected architecture arm64.
[    4.951330] systemd[1]: Set hostname to <mainsailos>.
[    5.086591] usb 1-1.1.1: new high-speed USB device number 6 using dwc_otg
[    5.191736] usb 1-1.1.1: New USB device found, idVendor=0424, idProduct=7800, bcdDevice= 3.00
[    5.198635] usb 1-1.1.1: New USB device strings: Mfr=0, Product=0, SerialNumber=0
[    5.470791] lan78xx 1-1.1.1:1.0 (unnamed net_device) (uninitialized): No External EEPROM. Setting MAC Speed
[    5.507385] lan78xx 1-1.1.1:1.0 (unnamed net_device) (uninitialized): int urb period 64
[    6.071125] systemd[1]: Queued start job for default target Multi-User System.
[    6.082527] systemd[1]: Created slice system-getty.slice.
[    6.092906] systemd[1]: Created slice system-modprobe.slice.
[    6.103038] systemd[1]: Created slice system-systemd\x2dfsck.slice.
[    6.112490] systemd[1]: Created slice User and Session Slice.
[    6.121351] systemd[1]: Started Dispatch Password Requests to Console Directory Watch.
[    6.130313] systemd[1]: Started Forward Password Requests to Wall Directory Watch.
[    6.140217] systemd[1]: Set up automount Arbitrary Executable File Formats File System Automount Point.
[    6.153125] systemd[1]: Reached target Local Encrypted Volumes.
[    6.162232] systemd[1]: Reached target Paths.
[    6.170920] systemd[1]: Reached target Slices.
[    6.179261] systemd[1]: Reached target Swap.
[    6.188595] systemd[1]: Listening on Syslog Socket.
[    6.197579] systemd[1]: Listening on fsck to fsckd communication Socket.
[    6.206151] systemd[1]: Listening on initctl Compatibility Named Pipe.
[    6.216090] systemd[1]: Listening on Journal Audit Socket.
[    6.225264] systemd[1]: Listening on Journal Socket (/dev/log).
[    6.234732] systemd[1]: Listening on Journal Socket.
[    6.251871] systemd[1]: Listening on udev Control Socket.
[    6.260891] systemd[1]: Listening on udev Kernel Socket.
[    6.269552] systemd[1]: Condition check resulted in Huge Pages File System being skipped.
[    6.282078] systemd[1]: Mounting POSIX Message Queue File System...
[    6.296696] systemd[1]: Mounting RPC Pipe File System...
[    6.312437] systemd[1]: Mounting Kernel Debug File System...
[    6.327747] systemd[1]: Mounting Kernel Trace File System...
[    6.336372] systemd[1]: Condition check resulted in Kernel Module supporting RPCSEC_GSS being skipped.
[    6.353372] systemd[1]: Starting Restore / save the current clock...
[    6.368977] systemd[1]: Starting Set the console keyboard layout...
[    6.385358] systemd[1]: Starting Create list of static device nodes for the current kernel...
[    6.406237] systemd[1]: Starting Load Kernel Module configfs...
[    6.422511] systemd[1]: Starting Load Kernel Module drm...
[    6.438567] systemd[1]: Starting Load Kernel Module fuse...
[    6.460504] systemd[1]: Condition check resulted in Set Up Additional Binary Formats being skipped.
[    6.475777] systemd[1]: Starting File System Check on Root Device...
[    6.505765] systemd[1]: Starting Journal Service...
[    6.529588] fuse: init (API version 7.34)
[    6.545987] systemd[1]: Starting Load Kernel Modules...
[    6.568701] systemd[1]: Starting Coldplug All udev Devices...
[    6.608692] systemd[1]: Mounted POSIX Message Queue File System.
[    6.622837] systemd[1]: Mounted RPC Pipe File System.
[    6.640579] systemd[1]: Mounted Kernel Debug File System.
[    6.660665] systemd[1]: Mounted Kernel Trace File System.
[    6.671491] systemd[1]: Finished Restore / save the current clock.
[    6.684826] systemd[1]: Finished Create list of static device nodes for the current kernel.
[    6.699179] systemd[1]: modprobe@configfs.service: Succeeded.
[    6.705660] systemd[1]: Finished Load Kernel Module configfs.
[    6.716540] systemd[1]: modprobe@drm.service: Succeeded.
[    6.722664] systemd[1]: Finished Load Kernel Module drm.
[    6.734070] systemd[1]: modprobe@fuse.service: Succeeded.
[    6.739966] systemd[1]: Finished Load Kernel Module fuse.
[    6.751924] systemd[1]: Finished Load Kernel Modules.
[    6.770259] systemd[1]: Mounting FUSE Control File System...
[    6.785912] systemd[1]: Mounting Kernel Configuration File System...
[    6.809296] systemd[1]: Started File System Check Daemon to report status.
[    6.834008] systemd[1]: Starting Apply Kernel Variables...
[    6.851171] systemd[1]: Mounted FUSE Control File System.
[    6.860028] systemd[1]: Mounted Kernel Configuration File System.
[    6.913823] systemd[1]: Finished File System Check on Root Device.
[    6.929024] systemd[1]: Starting Remount Root and Kernel File Systems...
[    6.951829] systemd[1]: Finished Apply Kernel Variables.
[    7.026365] systemd[1]: Started Journal Service.
[    7.172385] EXT4-fs (mmcblk0p2): re-mounted. Opts: (null). Quota mode: none.
[    7.284665] systemd-journald[144]: Received client request to flush runtime journal.
[    7.306467] systemd-journald[144]: File /var/log/journal/3ae97e1bf8d7412f9a435716c36f400b/system.journal corrupted or uncleanly shut down, renaming and replacing.
[    8.697594] vc_sm_cma: module is from the staging directory, the quality is unknown, you have been warned.
[    8.700889] mc: Linux media interface: v0.10
[    8.716801] bcm2835_vc_sm_cma_probe: Videocore shared memory driver
[    8.716859] [vc_sm_connected_init]: start
[    8.727408] [vc_sm_connected_init]: installed successfully
[    8.807131] videodev: Linux video capture interface: v2.00
[    8.896425] bcm2835_mmal_vchiq: module is from the staging directory, the quality is unknown, you have been warned.
[    8.908704] snd_bcm2835: module is from the staging directory, the quality is unknown, you have been warned.
[    8.913812] bcm2835_isp: module is from the staging directory, the quality is unknown, you have been warned.
[    8.920152] bcm2835_mmal_vchiq: module is from the staging directory, the quality is unknown, you have been warned.
[    8.923801] bcm2835-isp bcm2835-isp: Device node output[0] registered as /dev/video13
[    8.925473] bcm2835-isp bcm2835-isp: Device node capture[0] registered as /dev/video14
[    8.926208] bcm2835-isp bcm2835-isp: Device node capture[1] registered as /dev/video15
[    8.928302] bcm2835-isp bcm2835-isp: Device node stats[2] registered as /dev/video16
[    8.928372] bcm2835-isp bcm2835-isp: Register output node 0 with media controller
[    8.928407] bcm2835-isp bcm2835-isp: Register capture node 1 with media controller
[    8.928437] bcm2835-isp bcm2835-isp: Register capture node 2 with media controller
[    8.928502] bcm2835-isp bcm2835-isp: Register capture node 3 with media controller
[    8.934577] bcm2835-isp bcm2835-isp: Device node output[0] registered as /dev/video20
[    8.935300] bcm2835-isp bcm2835-isp: Device node capture[0] registered as /dev/video21
[    8.935812] bcm2835-isp bcm2835-isp: Device node capture[1] registered as /dev/video22
[    8.936253] bcm2835-isp bcm2835-isp: Device node stats[2] registered as /dev/video23
[    8.936294] bcm2835-isp bcm2835-isp: Register output node 0 with media controller
[    8.936326] bcm2835-isp bcm2835-isp: Register capture node 1 with media controller
[    8.936366] bcm2835-isp bcm2835-isp: Register capture node 2 with media controller
[    8.936394] bcm2835-isp bcm2835-isp: Register capture node 3 with media controller
[    8.936718] bcm2835-isp bcm2835-isp: Loaded V4L2 bcm2835-isp
[    8.937201] bcm2835_audio bcm2835_audio: card created with 8 channels
[    8.962383] bcm2835_v4l2: module is from the staging directory, the quality is unknown, you have been warned.
[    9.013035] bcm2835_codec: module is from the staging directory, the quality is unknown, you have been warned.
[    9.310475] bcm2835-codec bcm2835-codec: Device registered as /dev/video10
[    9.310582] bcm2835-codec bcm2835-codec: Loaded V4L2 decode
[    9.319333] bcm2835-codec bcm2835-codec: Device registered as /dev/video11
[    9.319429] bcm2835-codec bcm2835-codec: Loaded V4L2 encode
[    9.329271] bcm2835-codec bcm2835-codec: Device registered as /dev/video12
[    9.329358] bcm2835-codec bcm2835-codec: Loaded V4L2 isp
[    9.336616] bcm2835-codec bcm2835-codec: Device registered as /dev/video18
[    9.336727] bcm2835-codec bcm2835-codec: Loaded V4L2 image_fx
[    9.346875] bcm2835-codec bcm2835-codec: Device registered as /dev/video31
[    9.346959] bcm2835-codec bcm2835-codec: Loaded V4L2 encode_image
[    9.513393] CAN device driver interface
[    9.516476] cfg80211: Loading compiled-in X.509 certificates for regulatory database
[    9.570568] gs_usb 1-1.2:1.0: Configuring for 1 interfaces
[    9.576810] usbcore: registered new interface driver gs_usb
[    9.591209] cfg80211: Loaded X.509 cert 'sforshee: 00b28ddf47aef9cea7'
[    9.622676] cfg80211: loaded regulatory.db is malformed or signature is missing/invalid
[    9.821768] usb 1-1.1.3: Found UVC 1.00 device HD Pro Webcam C920 (046d:08e5)
[    9.828504] input: HD Pro Webcam C920 as /devices/platform/soc/3f980000.usb/usb1/1-1/1-1.1/1-1.1.3/1-1.1.3:1.0/input/input0
[    9.839126] usbcore: registered new interface driver uvcvideo
[    9.859462] brcmfmac: F1 signature read @0x18000000=0x15264345
[    9.884213] brcmfmac: brcmf_fw_alloc_request: using brcm/brcmfmac43455-sdio for chip BCM4345/6
[    9.885396] usbcore: registered new interface driver brcmfmac
[    9.890943] brcmfmac mmc1:0001:1: Direct firmware load for brcm/brcmfmac43455-sdio.raspberrypi,3-model-b-plus.bin failed with error -2
[   10.180316] brcmfmac: brcmf_fw_alloc_request: using brcm/brcmfmac43455-sdio for chip BCM4345/6
[   10.180549] brcmfmac: brcmf_fw_alloc_request: using brcm/brcmfmac43455-sdio for chip BCM4345/6
[   10.194230] brcmfmac: brcmf_c_preinit_dcmds: Firmware: BCM4345/6 wl0: Nov  1 2021 00:37:25 version 7.45.241 (1a2f2fa CY) FWID 01-703fd60
[   10.206634] checking generic (3eaa9000 151800) vs hw (0 ffffffffffffffff)
[   10.206677] fb0: switching to vc4 from simple
[   10.231904] Console: switching to colour dummy device 80x25
[   10.254351] vc4-drm soc:gpu: bound 3f400000.hvs (ops vc4_hvs_ops [vc4])
[   10.276173] Registered IR keymap rc-cec
[   10.276572] rc rc0: vc4 as /devices/platform/soc/3f902000.hdmi/rc/rc0
[   10.276971] input: vc4 as /devices/platform/soc/3f902000.hdmi/rc/rc0/input1
[   10.858817] vc4-drm soc:gpu: bound 3f400000.hvs (ops vc4_hvs_ops [vc4])
[   10.876375] Registered IR keymap rc-cec
[   10.906634] rc rc0: vc4 as /devices/platform/soc/3f902000.hdmi/rc/rc0
[   10.907546] input: vc4 as /devices/platform/soc/3f902000.hdmi/rc/rc0/input2
[   11.093298] usbcore: registered new interface driver snd-usb-audio
[   11.106851] vc4-drm soc:gpu: bound 3f400000.hvs (ops vc4_hvs_ops [vc4])
[   11.119202] Registered IR keymap rc-cec
[   11.119802] rc rc0: vc4 as /devices/platform/soc/3f902000.hdmi/rc/rc0
[   11.120938] input: vc4 as /devices/platform/soc/3f902000.hdmi/rc/rc0/input3
[   11.379956] uart-pl011 3f201000.serial: no DMA platform data
[   11.577934] 8021q: 802.1Q VLAN Support v1.8
[   11.770747] Adding 102396k swap on /var/swap.  Priority:-2 extents:1 across:102396k SSFS
[   11.828908] 8021q: adding VLAN 0 to HW filter on device eth0
[   12.272291] vc4-drm soc:gpu: bound 3f400000.hvs (ops vc4_hvs_ops [vc4])
[   12.282345] Registered IR keymap rc-cec
[   12.282774] rc rc0: vc4 as /devices/platform/soc/3f902000.hdmi/rc/rc0
[   12.283177] input: vc4 as /devices/platform/soc/3f902000.hdmi/rc/rc0/input4
[   12.292213] vc4-drm soc:gpu: bound 3f902000.hdmi (ops vc4_hdmi_ops [vc4])
[   12.293292] vc4-drm soc:gpu: bound 3f004000.txp (ops vc4_txp_ops [vc4])
[   12.293792] vc4-drm soc:gpu: bound 3f206000.pixelvalve (ops vc4_crtc_ops [vc4])
[   12.294279] vc4-drm soc:gpu: bound 3f207000.pixelvalve (ops vc4_crtc_ops [vc4])
[   12.294849] vc4-drm soc:gpu: bound 3f807000.pixelvalve (ops vc4_crtc_ops [vc4])
[   12.295385] vc4-drm soc:gpu: bound 3fc00000.v3d (ops vc4_v3d_ops [vc4])
[   12.450859] [drm] Initialized vc4 0.0.0 20140616 for soc:gpu on minor 0
[   12.451338] vc4-drm soc:gpu: [drm] Cannot find any crtc or sizes
[   12.578894] brcmfmac: brcmf_cfg80211_set_power_mgmt: power save enabled
[   12.919000] IPv6: ADDRCONF(NETDEV_CHANGE): can0: link becomes ready
[   18.456179] Bluetooth: Core ver 2.22
[   18.456310] NET: Registered PF_BLUETOOTH protocol family
[   18.456318] Bluetooth: HCI device and connection manager initialized
[   18.456345] Bluetooth: HCI socket layer initialized
[   18.456358] Bluetooth: L2CAP socket layer initialized
[   18.456386] Bluetooth: SCO socket layer initialized
[   18.469107] Bluetooth: HCI UART driver ver 2.3
[   18.469136] Bluetooth: HCI UART protocol H4 registered
[   18.469244] Bluetooth: HCI UART protocol Three-wire (H5) registered
[   18.469508] Bluetooth: HCI UART protocol Broadcom registered
[   18.543245] IPv6: ADDRCONF(NETDEV_CHANGE): wlan0: link becomes ready
[   19.028345] Bluetooth: BNEP (Ethernet Emulation) ver 1.3
[   19.028372] Bluetooth: BNEP filters: protocol multicast
[   19.028395] Bluetooth: BNEP socket layer initialized
[   19.050543] NET: Registered PF_ALG protocol family
[   19.767480] ICMPv6: process `dhcpcd' is using deprecated sysctl (syscall) net.ipv6.neigh.wlan0.retrans_time - use net.ipv6.neigh.wlan0.retrans_time_ms instead
[   22.494715] vc4-drm soc:gpu: [drm] Cannot find any crtc or sizes
[   33.758454] cam-dummy-reg: disabling
[   34.086684] can: controller area network core
[   34.086877] NET: Registered PF_CAN protocol family
[   34.103275] can: raw protocol
[   35.462453] usb 1-1.1.3: reset high-speed USB device number 5 using dwc_otg
